---
source: badgers/src/badge.rs
expression: "Badge {\n        color_palette: Cow::Borrowed(&color_palettes::BADGEN),\n        status: \"Quintschaf\".into(),\n        label: None,\n        color: None,\n        label_color: None,\n        icon: Some(\"https://quintschaf.com/favicon.ico\".into()),\n        icon_width: None,\n        scale: 1.0,\n    }.svg()"
---
"<svg\n    width=\"93.7\"\n    height=\"20\"\n    viewBox=\"0 0 937 200\"\n    xmlns=\"http://www.w3.org/2000/svg\" xmlns:xlink=\"http://www.w3.org/1999/xlink\"\n    role=\"img\">\n    <title>Quintschaf</title>\n    <g>\n        <rect fill=\"#555\" width=\"248\" height=\"200\" />\n        <rect fill=\"#08c\" x=\"248\" width=\"689\" height=\"200\" />\n    </g>\n    <g aria-hidden=\"true\" fill=\"#fff\" text-anchor=\"start\" font-family=\"Verdana,DejaVu Sans,sans-serif\" font-size=\"110\">\n        <text x=\"208\" y=\"148\" textLength=\"0\" fill=\"#000\" opacity=\"0.1\"></text>\n        <text x=\"198\" y=\"138\" textLength=\"0\"></text>\n        <text x=\"303\" y=\"148\" textLength=\"589\" fill=\"#000\" opacity=\"0.1\">Quintschaf</text>\n        <text x=\"293\" y=\"138\" textLength=\"589\">Quintschaf</text>\n    </g><image x=\"40\" y=\"35\" width=\"130\" height=\"132\" xlink:href=\"https://quintschaf.com/favicon.ico\" />\n</svg>"
