---
source: badgers/src/badge.rs
expression: "Badge {\n        color_palette: Cow::Borrowed(&color_palettes::BADGEN),\n        status: \"passing\".into(),\n        label: Some(\"checks\".into()),\n        color: Some(\"green\".into()),\n        label_color: Some(\"gray\".into()),\n        icon: None,\n        icon_width: None,\n        scale: 5.0,\n    }.svg()"
---
"<svg width=\"495\" height=\"100\" viewBox=\"0 0 990 200\" xmlns=\"http://www.w3.org/2000/svg\" role=\"img\"><title>checks: passing</title><g><rect fill=\"#999\" width=\"472\" height=\"200\" /><rect fill=\"#3c1\" x=\"472\" width=\"518\" height=\"200\" /></g><g aria-hidden=\"true\" fill=\"#fff\" text-anchor=\"start\" font-family=\"Verdana,DejaVu Sans,sans-serif\" font-size=\"110\"><text x=\"60\" y=\"148\" textLength=\"372\" fill=\"#000\" opacity=\"0.1\">checks</text><text x=\"50\" y=\"138\" textLength=\"372\">checks</text><text x=\"532\" y=\"148\" textLength=\"418\" fill=\"#000\" opacity=\"0.1\">passing</text><text x=\"522\" y=\"138\" textLength=\"418\">passing</text></g></svg>"
