---
source: badgers/src/badge.rs
expression: "Badge {\n        color_palette: Cow::Borrowed(&color_palettes::DEFAULT),\n        status: \"foo\".into(),\n        label: Some(\"bar\".into()),\n        color: None,\n        label_color: None,\n        icon: None,\n        icon_width: None,\n        corner_radius: Some(30),\n        scale: 1.0,\n    }.svg()"
---
"<svg width=\"55.5\" height=\"20\" viewBox=\"0 0 555 200\" xmlns=\"http://www.w3.org/2000/svg\" role=\"img\"><title>bar: foo</title><defs><mask id=\"rounded\"><rect rx=\"300\" ry=\"300\" width=\"555\" height=\"200\" fill=\"#fff\"/></mask></defs><g mask=\"url(#rounded)\"><rect fill=\"#4a414e\" width=\"282\" height=\"200\"/><rect fill=\"#3373cc\" x=\"282\" width=\"273\" height=\"200\"/></g><g aria-hidden=\"true\" fill=\"#fff\" text-anchor=\"start\" font-family=\"Verdana,DejaVu Sans,sans-serif\" font-size=\"110\"><text x=\"60\" y=\"148\" textLength=\"182\" fill=\"#000\" opacity=\"0.1\">bar</text><text x=\"50\" y=\"138\" textLength=\"182\">bar</text><text x=\"342\" y=\"148\" textLength=\"173\" fill=\"#000\" opacity=\"0.1\">foo</text><text x=\"332\" y=\"138\" textLength=\"173\">foo</text></g></svg>"
