---
source: badgers/src/badge.rs
expression: "Badge {\n        color_palette: Cow::Borrowed(&color_palettes::DEFAULT),\n        status: \"Quintschaf\".into(),\n        label: None,\n        color: None,\n        label_color: None,\n        icon: Some(\"https://quintschaf.com/favicon.ico\".into()),\n        icon_width: None,\n        scale: 1.0,\n    }.svg()"
---
"<svg width=\"91.9\" height=\"20\" viewBox=\"0 0 919 200\" xmlns=\"http://www.w3.org/2000/svg\" xmlns:xlink=\"http://www.w3.org/1999/xlink\" role=\"img\"><title>Quintschaf</title><g><rect fill=\"#4a414e\" width=\"230\" height=\"200\" /><rect fill=\"#3373cc\" x=\"230\" width=\"689\" height=\"200\" /></g><g aria-hidden=\"true\" fill=\"#fff\" text-anchor=\"start\" font-family=\"Verdana,DejaVu Sans,sans-serif\" font-size=\"110\"><text x=\"190\" y=\"148\" textLength=\"0\" fill=\"#000\" opacity=\"0.1\"></text><text x=\"180\" y=\"138\" textLength=\"0\"></text><text x=\"290\" y=\"148\" textLength=\"589\" fill=\"#000\" opacity=\"0.1\">Quintschaf</text><text x=\"280\" y=\"138\" textLength=\"589\">Quintschaf</text></g><image x=\"50\" y=\"35\" width=\"130\" height=\"132\" xlink:href=\"https://quintschaf.com/favicon.ico\" /></svg>"
